// Jest Snapshot v1, https://goo.gl/fbAQLP

exports[`News Articles Container shows a list of quotes by topic 1`] = `
<ul
  aria-label="articles"
>
  <li
    aria-label="article"
  >
    <h1>
      Sen. Bernie Sanders to introduce resolution of disapproval on $735 million U.S. arms sale to Israel - The Washington Post
    </h1>
    <p>
      Jacqueline Alemany
    </p>
    <a
      href="{url}"
    >
      https://www.washingtonpost.com/politics/2021/05/20/sen-bernie-sanders-introduce-resolution-disapproval-735-million-us-arms-sale-israel/
    </a>
    <br />
    <img
      alt="Sen. Bernie Sanders to introduce resolution of disapproval on $735 million U.S. arms sale to Israel - The Washington Post"
      src="https://www.washingtonpost.com/wp-apps/imrs.php?src=https://arc-anglerfish-washpost-prod-washpost.s3.amazonaws.com/public/HBEUJBFJGMI6XKFHL5C53TPTMQ.jpg&w=1440"
    />
  </li>
  <li
    aria-label="article"
  >
    <h1>
      Warriors vs. Lakers score: LeBron James' clutch 3 helps clinch No. 7 seed; Dubs host Grizzlies in play-in game - CBSSports.com
    </h1>
    <p>
      Sam Quinn
    </p>
    <a
      href="{url}"
    >
      https://www.cbssports.com/nba/news/warriors-vs-lakers-score-lebron-james-clutch-3-helps-clinch-no-7-seed-dubs-host-grizzlies-in-play-in-game/live/
    </a>
    <br />
    <img
      alt="Warriors vs. Lakers score: LeBron James' clutch 3 helps clinch No. 7 seed; Dubs host Grizzlies in play-in game - CBSSports.com"
      src="https://sportshub.cbsistatic.com/i/r/2021/05/20/d280dd30-b43d-44d0-a444-b8aa896b3e3d/thumbnail/1200x675/21efd1e58dce943801b4612726bce73b/untitled-design-2021-05-19t232108-580.png"
    />
  </li>
  <li
    aria-label="article"
  >
    <h1>
      Massive Northern California explosion caught on video caused by three kids playing with fire, officials say - NBC News
    </h1>
    <p>
      Elisha Fieldstadt
    </p>
    <a
      href="{url}"
    >
      https://www.nbcnews.com/news/us-news/massive-northern-california-explosion-caught-video-caused-three-kids-playing-n1268005
    </a>
    <br />
    <img
      alt="Massive Northern California explosion caught on video caused by three kids playing with fire, officials say - NBC News"
      src="https://media-cldnry.s-nbcnews.com/image/upload/t_nbcnews-fp-1200-630,f_auto,q_auto:best/newscms/2021_20/3476308/210520-martinez-fire-mb-1352.jpg"
    />
  </li>
  <li
    aria-label="article"
  >
    <h1>
      BBC apologizes after report finds it used deceitful methods to secure Diana interview - CNN 
    </h1>
    <p>
      Zamira Rahim and Niamh Kennedy, CNN Business
    </p>
    <a
      href="{url}"
    >
      https://www.cnn.com/2021/05/20/media/bbc-martin-bashir-diana-report-scli-intl/index.html
    </a>
    <br />
    <img
      alt="BBC apologizes after report finds it used deceitful methods to secure Diana interview - CNN "
      src="https://cdn.cnn.com/cnnnext/dam/assets/210515113237-restricted-file-princess-diana-martin-bashir-1995-super-tease.jpg"
    />
  </li>
  <li
    aria-label="article"
  >
    <h1>
      Google is opening its first physical retail store this summer in NYC - The Verge
    </h1>
    <p>
      Chaim Gartenberg
    </p>
    <a
      href="{url}"
    >
      https://www.theverge.com/2021/5/20/22445472/google-first-physical-retail-store-chelsea-nyc-summer-2021
    </a>
    <br />
    <img
      alt="Google is opening its first physical retail store this summer in NYC - The Verge"
      src="https://cdn.vox-cdn.com/thumbor/OC0849UgWOiKhHCeqWe5DAtmqZg=/0x20:1000x544/fit-in/1200x630/cdn.vox-cdn.com/uploads/chorus_asset/file/22527842/Photoshop_Blade_Sign.max_1000x1000.jpg"
    />
  </li>
  <li
    aria-label="article"
  >
    <h1>
      Your Chromebook and Android phone are getting a new tight integration - Android Police
    </h1>
    <p />
    <a
      href="{url}"
    >
      https://www.androidpolice.com/2021/05/20/your-chromebook-and-android-phone-are-getting-a-new-tight-integration/
    </a>
    <br />
    <img
      alt="Your Chromebook and Android phone are getting a new tight integration - Android Police"
      src="https://www.androidpolice.com/wp-content/uploads/2021/02/12/chromeosfiles_gphotos_herov2_optimized.jpg"
    />
  </li>
  <li
    aria-label="article"
  >
    <h1>
      Emotional Matthew Perry on the verge of tears in 'Friends' trailer - Page Six
    </h1>
    <p>
      Jaclyn Hendricks
    </p>
    <a
      href="{url}"
    >
      https://pagesix.com/2021/05/20/matthew-perry-comforted-by-jennifer-aniston-in-new-friends-trailer/
    </a>
    <br />
    <img
      alt="Emotional Matthew Perry on the verge of tears in 'Friends' trailer - Page Six"
      src="https://pagesix.com/wp-content/uploads/sites/3/2021/05/friends-matthew-perry-jennifer-aniston-75-1.jpg?quality=90&strip=all&w=1200"
    />
  </li>
  <li
    aria-label="article"
  >
    <h1>
      James Gorman shakes up top team at Morgan Stanley - Financial Times
    </h1>
    <p>
      Joshua Franklin
    </p>
    <a
      href="{url}"
    >
      https://www.ft.com/content/248cbea8-6dbe-4c97-b194-e68dbe121d1f
    </a>
    <br />
    <img
      alt="James Gorman shakes up top team at Morgan Stanley - Financial Times"
    />
  </li>
  <li
    aria-label="article"
  >
    <h1>
      Yankees injuries: Updates on Ryan LaMarre, Clint Frazier, Giancarlo Stanton, Zack Britton, Aaron Hicks - NJ.com
    </h1>
    <p>
      Randy Miller | NJ Advance Media for NJ.com
    </p>
    <a
      href="{url}"
    >
      https://www.nj.com/yankees/2021/05/yankees-injury-updates-latest-on-ryan-lamarre-clint-frazier-giancarlo-stanton.html
    </a>
    <br />
    <img
      alt="Yankees injuries: Updates on Ryan LaMarre, Clint Frazier, Giancarlo Stanton, Zack Britton, Aaron Hicks - NJ.com"
      src="https://www.nj.com/resizer/tlvJedziKCxdL7da9bBs8tCzD9M=/1280x0/smart/cloudfront-us-east-1.images.arcpublishing.com/advancelocal/RYSIW4USJFGZTDATTGPLUJYXWE.JPG"
    />
  </li>
  <li
    aria-label="article"
  >
    <h1>
      Microsoft to unplug Internet Explorer as it seeks edge in browser war - Reuters
    </h1>
    <p>
      Reuters
    </p>
    <a
      href="{url}"
    >
      https://www.reuters.com/technology/microsoft-unplug-internet-explorer-it-seeks-edge-browser-war-2021-05-20/
    </a>
    <br />
    <img
      alt="Microsoft to unplug Internet Explorer as it seeks edge in browser war - Reuters"
      src="https://www.reuters.com/resizer/cx8Gk_UvG1q7NItXaR-vV9YfgZk=/1200x628/smart/cloudfront-us-east-2.images.arcpublishing.com/reuters/KSKPGP2WRRPTJHWHQRFR2RDNRE.jpg"
    />
  </li>
  <li
    aria-label="article"
  >
    <h1>
      Jobless claims drop more than expected for a new pandemic low - CNBC
    </h1>
    <p>
      Jeff Cox
    </p>
    <a
      href="{url}"
    >
      https://www.cnbc.com/2021/05/20/weekly-jobless-claims.html
    </a>
    <br />
    <img
      alt="Jobless claims drop more than expected for a new pandemic low - CNBC"
      src="https://image.cnbcfm.com/api/v1/image/106882546-1620912585163-gettyimages-1232859027-05122021_PHH_JOB_FAIR_03.jpeg?v=1620912662"
    />
  </li>
  <li
    aria-label="article"
  >
    <h1>
      Boston Red Sox tell Jennifer Lopez they 'miss' her following Ben Affleck reunion, Alex Rodriguez split - Fox News
    </h1>
    <p>
      Melissa Roberto
    </p>
    <a
      href="{url}"
    >
      https://www.foxnews.com/entertainment/boston-red-sox-video-jennifer-lopez-ben-affleck-alex-rodriguez-miss-you
    </a>
    <br />
    <img
      alt="Boston Red Sox tell Jennifer Lopez they 'miss' her following Ben Affleck reunion, Alex Rodriguez split - Fox News"
      src="https://static.foxnews.com/foxnews.com/content/uploads/2021/05/57db8ebd-affleck-lopez.jpg"
    />
  </li>
  <li
    aria-label="article"
  >
    <h1>
      ‘First martyr of the voting rights movement’: How a Black man’s death in 1965 changed American history - USA TODAY
    </h1>
    <p>
      Javonte Anderson
    </p>
    <a
      href="{url}"
    >
      https://www.usatoday.com/in-depth/news/investigations/2021/05/20/george-floyd-jimmie-lee-jackson-murder-led-to-voting-rights-act/7153822002/
    </a>
    <br />
    <img
      alt="‘First martyr of the voting rights movement’: How a Black man’s death in 1965 changed American history - USA TODAY"
      src="https://www.gannett-cdn.com/presto/2021/05/04/USAT/6e09801a-9993-4d13-a147-a188af462f8b-GettyImages-515496230.jpg?crop=4546,2558,x0,y240&width=1200"
    />
  </li>
  <li
    aria-label="article"
  >
    <h1>
      'I Had Strange GI Symptoms For Years Until I Was Finally Diagnosed With Colon Cancer At 35' - Women's Health
    </h1>
    <p />
    <a
      href="{url}"
    >
      https://www.womenshealthmag.com/health/a36366953/color-cancer-symptoms-women/
    </a>
    <br />
    <img
      alt="'I Had Strange GI Symptoms For Years Until I Was Finally Diagnosed With Colon Cancer At 35' - Women's Health"
      src="https://media.hearstapps.com/hmg-prod/images/henley2-1620662330.jpg?crop=1880,940.416,x0,y2170,safe&width=1200&auto=webp&optimize=medium"
    />
  </li>
  <li
    aria-label="article"
  >
    <h1>
      Tim Tebow signs 1-year deal with Jaguars as he looks for another NFL run - Fox News
    </h1>
    <p>
      Ryan Gaydos
    </p>
    <a
      href="{url}"
    >
      https://www.foxnews.com/sports/tim-tebow-signs-1-year-deal-jaguars
    </a>
    <br />
    <img
      alt="Tim Tebow signs 1-year deal with Jaguars as he looks for another NFL run - Fox News"
      src="https://static.foxnews.com/foxnews.com/content/uploads/2018/09/PI-NFL-Green-Bay-Packers-Eagles-5-0-61b11b744e39f410VgnVCM100000d7c1a8c0____.jpg"
    />
  </li>
  <li
    aria-label="article"
  >
    <h1>
      The Morning After: The new M1-powered iPad Pro, reviewed - Engadget
    </h1>
    <p>
      https://www.engadget.com/about/editors/mat-smith
    </p>
    <a
      href="{url}"
    >
      https://www.engadget.com/the-morning-after-new-ipad-reviewed-112652341.html
    </a>
    <br />
    <img
      alt="The Morning After: The new M1-powered iPad Pro, reviewed - Engadget"
      src="https://s.yimg.com/os/creatr-uploaded-images/2021-05/d453dc40-b950-11eb-bff3-c67be0c1631e"
    />
  </li>
  <li
    aria-label="article"
  >
    <h1>
      US cervical cancers fall but other sex-related cancers rise - Fox News
    </h1>
    <p>
      Associated Press
    </p>
    <a
      href="{url}"
    >
      https://www.foxnews.com/health/us-cervical-cancers-fall-other-sex-related-cancers-rise
    </a>
    <br />
    <img
      alt="US cervical cancers fall but other sex-related cancers rise - Fox News"
      src="https://static.foxnews.com/foxnews.com/content/uploads/2021/05/hpv_vax_ap.jpg"
    />
  </li>
  <li
    aria-label="article"
  >
    <h1>
      Knife-wielding Florida man who allegedly tried to kidnap girl appears in court - New York Post 
    </h1>
    <p>
      Yaron Steinbuch
    </p>
    <a
      href="{url}"
    >
      https://nypost.com/2021/05/20/florida-man-who-allegedly-tried-to-kidnap-girl-appears-in-court/
    </a>
    <br />
    <img
      alt="Knife-wielding Florida man who allegedly tried to kidnap girl appears in court - New York Post "
      src="https://nypost.com/wp-content/uploads/sites/2/2021/05/kidnap-florida.jpg?quality=90&strip=all&w=1200"
    />
  </li>
  <li
    aria-label="article"
  >
    <h1>
      Tardigrades can survive being shot out of a high-speed gun - Livescience.com
    </h1>
    <p>
      Yasemin Saplakoglu
    </p>
    <a
      href="{url}"
    >
      https://www.livescience.com/tardigrades-survive-being-shot-gun.html
    </a>
    <br />
    <img
      alt="Tardigrades can survive being shot out of a high-speed gun - Livescience.com"
      src="https://cdn.mos.cms.futurecdn.net/PgnTAddQ5P4uAjDNksoSVF-1200-80.jpg"
    />
  </li>
  <li
    aria-label="article"
  >
    <h1>
      House approves January 6 commission despite GOP opposition - CBS News
    </h1>
    <p>
      Grace Segers
    </p>
    <a
      href="{url}"
    >
      https://www.cbsnews.com/news/january-6-commission-house-approves/
    </a>
    <br />
    <img
      alt="House approves January 6 commission despite GOP opposition - CBS News"
      src="https://cbsnews1.cbsistatic.com/hub/i/r/2021/05/14/bc15d0e8-1543-4c5b-af7a-a71ba57f7544/thumbnail/1200x630/f418c556dd1de6f804bf45a686094547/gettyimages-1230464979.jpg"
    />
  </li>
</ul>
`;

exports[`News Articles Container shows a list of quotes by topic 2`] = `
<input
  id="article-name"
  type="text"
  value="Tesla"
/>
`;

exports[`News Articles Container shows a list of quotes by topic 3`] = `
Array [
  <button
    aria-label="controls"
  >
    Submit
  </button>,
]
`;

exports[`News Articles Container shows a list of quotes by topic 4`] = `
Array [
  <li
    aria-label="article"
  >
    <h1>
      Tesla 'suspends' Bitcoin car purchases citing environmental impact
    </h1>
    <p>
      https://www.engadget.com/about/editors/richard-lawler
    </p>
    <a
      href="{url}"
    />
    <br />
    <img
      alt="Tesla 'suspends' Bitcoin car purchases citing environmental impact"
    />
  </li>,
  <li
    aria-label="article"
  >
    <h1>
      Tesla's Powerwall+ is a higher-power battery for off-grid living
    </h1>
    <p>
      https://www.engadget.com/about/editors/mariella-moon
    </p>
    <a
      href="{url}"
    />
    <br />
    <img
      alt="Tesla's Powerwall+ is a higher-power battery for off-grid living"
    />
  </li>,
  <li
    aria-label="article"
  >
    <h1>
      Elon Musk: Data recovered 'so far' shows Autopilot not enabled in Houston crash
    </h1>
    <p>
      https://www.engadget.com/about/editors/mat-smith
    </p>
    <a
      href="{url}"
    />
    <br />
    <img
      alt="Elon Musk: Data recovered 'so far' shows Autopilot not enabled in Houston crash"
    />
  </li>,
  <li
    aria-label="article"
  >
    <h1>
      Tesla stops taking Bitcoin for vehicle purchases, citing environmental harm
    </h1>
    <p>
      Sean O'Kane
    </p>
    <a
      href="{url}"
    />
    <br />
    <img
      alt="Tesla stops taking Bitcoin for vehicle purchases, citing environmental harm"
    />
  </li>,
  <li
    aria-label="article"
  >
    <h1>
      Tesla's Model S Plaid may pack a retractable spoiler
    </h1>
    <p>
      https://www.engadget.com/about/editors/jon-fingas
    </p>
    <a
      href="{url}"
    />
    <br />
    <img
      alt="Tesla's Model S Plaid may pack a retractable spoiler"
    />
  </li>,
  <li
    aria-label="article"
  >
    <h1>
      Tesla grows 74% in the first quarter, besting expectations as its shares ease after-hours
    </h1>
    <p>
      Alex Wilhelm
    </p>
    <a
      href="{url}"
    />
    <br />
    <img
      alt="Tesla grows 74% in the first quarter, besting expectations as its shares ease after-hours"
    />
  </li>,
  <li
    aria-label="article"
  >
    <h1>
      No one behind the wheel in deadly Tesla crash Saturday night, say authorities
    </h1>
    <p>
      Aria Alamalhodaei
    </p>
    <a
      href="{url}"
    />
    <br />
    <img
      alt="No one behind the wheel in deadly Tesla crash Saturday night, say authorities"
    />
  </li>,
  <li
    aria-label="article"
  >
    <h1>
      Tesla mulls cars tailored to China amid mounting criticisms
    </h1>
    <p>
      Rita Liao
    </p>
    <a
      href="{url}"
    />
    <br />
    <img
      alt="Tesla mulls cars tailored to China amid mounting criticisms"
    />
  </li>,
  <li
    aria-label="article"
  >
    <h1>
      The Morning After: Amazon cancels its 'Lord of the Rings' MMORPG
    </h1>
    <p>
      https://www.engadget.com/about/editors/mat-smith
    </p>
    <a
      href="{url}"
    />
    <br />
    <img
      alt="The Morning After: Amazon cancels its 'Lord of the Rings' MMORPG"
    />
  </li>,
  <li
    aria-label="article"
  >
    <h1>
      Elon Musk is hosting Saturday Night Live and no this is not a joke
    </h1>
    <p>
      Kim Lyons
    </p>
    <a
      href="{url}"
    />
    <br />
    <img
      alt="Elon Musk is hosting Saturday Night Live and no this is not a joke"
    />
  </li>,
  <li
    aria-label="article"
  >
    <h1>
      Elon Musk Tweets—and Crypto Markets Show Their Growing Pains
    </h1>
    <p>
      Gregory Barber
    </p>
    <a
      href="{url}"
    />
    <br />
    <img
      alt="Elon Musk Tweets—and Crypto Markets Show Their Growing Pains"
    />
  </li>,
  <li
    aria-label="article"
  >
    <h1>
      Tesla wants to make every home a distributed power plant
    </h1>
    <p>
      Aria Alamalhodaei
    </p>
    <a
      href="{url}"
    />
    <br />
    <img
      alt="Tesla wants to make every home a distributed power plant"
    />
  </li>,
  <li
    aria-label="article"
  >
    <h1>
      NHTSA is investigating the driverless Tesla crash that killed two people
    </h1>
    <p>
      Andrew J. Hawkins
    </p>
    <a
      href="{url}"
    />
    <br />
    <img
      alt="NHTSA is investigating the driverless Tesla crash that killed two people"
    />
  </li>,
  <li
    aria-label="article"
  >
    <h1>
      Shanghai Auto Show Disrupted by Protester Shouting 'Tesla Brakes Fail'
    </h1>
    <p>
      Matt Novak
    </p>
    <a
      href="{url}"
    />
    <br />
    <img
      alt="Shanghai Auto Show Disrupted by Protester Shouting 'Tesla Brakes Fail'"
    />
  </li>,
  <li
    aria-label="article"
  >
    <h1>
      Elon Musk says Bitcoin no longer accepted for Tesla purchases
    </h1>
    <p>
      Sasha Lekach
    </p>
    <a
      href="{url}"
    />
    <br />
    <img
      alt="Elon Musk says Bitcoin no longer accepted for Tesla purchases"
    />
  </li>,
  <li
    aria-label="article"
  >
    <h1>
      Tesla to start selling solar roof only with Powerwall battery
    </h1>
    <p>
      Stan Schroeder
    </p>
    <a
      href="{url}"
    />
    <br />
    <img
      alt="Tesla to start selling solar roof only with Powerwall battery"
    />
  </li>,
  <li
    aria-label="article"
  >
    <h1>
      Elon Musk's 'SNL' appearance shows he's the face of EVs beyond Tesla
    </h1>
    <p>
      Sasha Lekach
    </p>
    <a
      href="{url}"
    />
    <br />
    <img
      alt="Elon Musk's 'SNL' appearance shows he's the face of EVs beyond Tesla"
    />
  </li>,
  <li
    aria-label="article"
  >
    <h1>
      Tesla: Bitcoin sales, environmental credits boost profits
    </h1>
    <p>
      https://www.facebook.com/bbcnews
    </p>
    <a
      href="{url}"
    />
    <br />
    <img
      alt="Tesla: Bitcoin sales, environmental credits boost profits"
    />
  </li>,
  <li
    aria-label="article"
  >
    <h1>
      Tesla sees bitcoin as important financial tool to access cash quickly
    </h1>
    <p>
      Rebecca Bellan
    </p>
    <a
      href="{url}"
    />
    <br />
    <img
      alt="Tesla sees bitcoin as important financial tool to access cash quickly"
    />
  </li>,
  <li
    aria-label="article"
  >
    <h1>
      ‘SNL’ Gets Ready for Elon Musk
    </h1>
    <p>
      Dave Itzkoff
    </p>
    <a
      href="{url}"
    />
    <br />
    <img
      alt="‘SNL’ Gets Ready for Elon Musk"
    />
  </li>,
]
`;
