// Jest Snapshot v1, https://goo.gl/fbAQLP

exports[`News Articles Container shows a list of quotes by topic 1`] = `
<ul
  aria-label="articles"
>
  <li
    aria-label="article"
  >
    <h1>
      Lightfoot Says She Will Only Give 1-on-1 Interviews to Journalists of Color - NBC Chicago
    </h1>
    <p>
      NBC Chicago
    </p>
    <a
      href="{url}"
    >
      https://www.nbcchicago.com/news/local/chicago-politics/lightfoot-says-she-will-only-give-1-on-1-interviews-to-journalists-of-color/2514015/
    </a>
    <br />
    <img
      alt="Lightfoot Says She Will Only Give 1-on-1 Interviews to Journalists of Color - NBC Chicago"
      src="https://i2.wp.com/media.nbcchicago.com/2020/08/web-lightfoot-interview-8-18.jpg?quality=85&resize=1200%2C675&strip=all&ssl=1"
    />
  </li>
  <li
    aria-label="article"
  >
    <h1>
      Dow Jones Futures: Stock Market Rally Slashes Losses, Bitcoin Keeps Moving Late; Target, Facebook, Google In Buy Zones - Investor's Business Daily
    </h1>
    <p>
      Investor's Business Daily
    </p>
    <a
      href="{url}"
    >
      https://www.investors.com/market-trend/stock-market-today/dow-jones-futures-stock-market-rally-bitcoin-slash-losses-target-facebook-google-in-buy-zones/
    </a>
    <br />
    <img
      alt="Dow Jones Futures: Stock Market Rally Slashes Losses, Bitcoin Keeps Moving Late; Target, Facebook, Google In Buy Zones - Investor's Business Daily"
      src="https://www.investors.com/wp-content/uploads/2019/08/stock-bounce-back-01-adobe.jpg"
    />
  </li>
  <li
    aria-label="article"
  >
    <h1>
      Fauci expects COVID-19 vaccines for kids in late-2021, sees need for booster shot - Reuters
    </h1>
    <p>
      Amruta Khandekar,Trisha Roy
    </p>
    <a
      href="{url}"
    >
      https://www.reuters.com/business/healthcare-pharmaceuticals/fauci-expects-covid-19-vaccines-kids-late-2021-sees-need-booster-shot-2021-05-19/
    </a>
    <br />
    <img
      alt="Fauci expects COVID-19 vaccines for kids in late-2021, sees need for booster shot - Reuters"
      src="https://www.reuters.com/resizer/jQdS8kPQDessOCVU38cviVbXZP8=/1200x628/smart/cloudfront-us-east-2.images.arcpublishing.com/reuters/B4BP6W3OPRMAXOOWRHEEEHLTBA.jpg"
    />
  </li>
  <li
    aria-label="article"
  >
    <h1>
      The Case of Long Island’s Disappearing Brood X Cicadas - The New York Times
    </h1>
    <p>
      Cara Giaimo
    </p>
    <a
      href="{url}"
    >
      https://www.nytimes.com/2021/05/19/science/brood-x-cicadas.html
    </a>
    <br />
    <img
      alt="The Case of Long Island’s Disappearing Brood X Cicadas - The New York Times"
      src="https://static01.nyt.com/images/2021/05/19/science/1SCI-MISSINGCICADAS3/1SCI-MISSINGCICADAS3-facebookJumbo.jpg"
    />
  </li>
  <li
    aria-label="article"
  >
    <h1>
      Draymond Green on Warriors vs. Lakers, Steph Curry's MVP season & LeBron James | The Jump - ESPN
    </h1>
    <p />
    <a
      href="{url}"
    >
      https://news.google.com/__i/rss/rd/articles/CBMiK2h0dHBzOi8vd3d3LnlvdXR1YmUuY29tL3dhdGNoP3Y9OF9kUkNYZXFGaXPSAQA?oc=5
    </a>
    <br />
    <img
      alt="Draymond Green on Warriors vs. Lakers, Steph Curry's MVP season & LeBron James | The Jump - ESPN"
    />
  </li>
  <li
    aria-label="article"
  >
    <h1>
      Netflix is getting a trilogy of Fear Street movies in July - The Verge
    </h1>
    <p>
      Andrew Webster
    </p>
    <a
      href="{url}"
    >
      https://www.theverge.com/2021/5/19/22444575/netflix-fear-street-trilogy-rl-stine-release-date
    </a>
    <br />
    <img
      alt="Netflix is getting a trilogy of Fear Street movies in July - The Verge"
      src="https://cdn.vox-cdn.com/thumbor/3L0VO7rwqwcQDf5SKtk7mfBrOuI=/54x0:2944x1513/fit-in/1200x630/cdn.vox-cdn.com/uploads/chorus_asset/file/22526573/Fear_Street.jpg"
    />
  </li>
  <li
    aria-label="article"
  >
    <h1>
      Ionescu continues to live up to the hype, and it’s exactly what the WNBA needs - Deadspin
    </h1>
    <p>
      Jon Hoefling
    </p>
    <a
      href="{url}"
    >
      https://deadspin.com/ionescu-continues-to-live-up-to-the-hype-and-it-s-exac-1846930104
    </a>
    <br />
    <img
      alt="Ionescu continues to live up to the hype, and it’s exactly what the WNBA needs - Deadspin"
      src="https://i.kinja-img.com/gawker-media/image/upload/c_fill,f_auto,fl_progressive,g_center,h_675,pg_1,q_80,w_1200/5fa7afb010977919cdc5ad9b218f10b6.jpg"
    />
  </li>
  <li
    aria-label="article"
  >
    <h1>
      Bitcoin, Ethereum prices fall after China reiterates ban on crypto services - CNET
    </h1>
    <p>
      Oscar Gonzalez
    </p>
    <a
      href="{url}"
    >
      https://www.cnet.com/news/bitcoin-ethereum-prices-fall-after-china-reiterates-ban-on-crypto-services/
    </a>
    <br />
    <img
      alt="Bitcoin, Ethereum prices fall after China reiterates ban on crypto services - CNET"
      src="https://www.cnet.com/a/img/lmjggg2b-9vZlAz192KiYW1rAXA=/1200x630/2021/05/19/2c0b9d64-e53f-483b-a658-47d6592a6328/gettyimages-1064373134.jpg"
    />
  </li>
  <li
    aria-label="article"
  >
    <h1>
      Incident SARS-CoV-2 Infection among mRNA-Vaccinated and Unvaccinated Nursing Home Residents - nejm.org
    </h1>
    <p />
    <a
      href="{url}"
    >
      https://www.nejm.org/doi/full/10.1056/NEJMc2104849
    </a>
    <br />
    <img
      alt="Incident SARS-CoV-2 Infection among mRNA-Vaccinated and Unvaccinated Nursing Home Residents - nejm.org"
      src="https://www.nejm.org/na101/home/literatum/publisher/mms/journals/content/nejm/0/nejm.ahead-of-print/nejmc2104849/20210518/images/img_small/nejmc2104849_t1.jpeg"
    />
  </li>
  <li
    aria-label="article"
  >
    <h1>
      What Is This COVAX Program That The U.S. Is Pouring Millions Of Vaccines Into? - NPR
    </h1>
    <p />
    <a
      href="{url}"
    >
      https://www.npr.org/sections/goatsandsoda/2021/05/19/998228372/what-is-this-covax-program-that-the-u-s-is-pouring-millions-of-vaccines-into
    </a>
    <br />
    <img
      alt="What Is This COVAX Program That The U.S. Is Pouring Millions Of Vaccines Into? - NPR"
      src="https://media.npr.org/assets/img/2021/05/19/gettyimages-1232030142_wide-83d3002eee4673442b21b4d117df3dc686099d72.jpg?s=1400"
    />
  </li>
  <li
    aria-label="article"
  >
    <h1>
      Colorado officers face charges in arrest of 73-year-old with dementia | TheHill - The Hill
    </h1>
    <p>
      Lexi Lonas
    </p>
    <a
      href="{url}"
    >
      https://thehill.com/homenews/state-watch/554420-colorado-officers-facing-charges-in-arrest-of-73-year-old-with-dementia
    </a>
    <br />
    <img
      alt="Colorado officers face charges in arrest of 73-year-old with dementia | TheHill - The Hill"
      src="https://thehill.com/sites/default/files/garnerkarenarrest_youtube_04262021.png"
    />
  </li>
  <li
    aria-label="article"
  >
    <h1>
      Apple will face a critical test when CEO Tim Cook testifies at the Epic trial - Yahoo Finance
    </h1>
    <p>
      Daniel Howley
    </p>
    <a
      href="{url}"
    >
      https://finance.yahoo.com/news/apple-will-face-critical-test-when-tim-cook-testifies-epic-trial-201156554.html
    </a>
    <br />
    <img
      alt="Apple will face a critical test when CEO Tim Cook testifies at the Epic trial - Yahoo Finance"
      src="https://s.yimg.com/ny/api/res/1.2/WaBLt0TgNOqDRvaxz3qXPQ--/YXBwaWQ9aGlnaGxhbmRlcjt3PTIwMDA7aD0xMzMz/https://s.yimg.com/os/creatr-uploaded-images/2020-07/2c50dba0-d298-11ea-bff8-85c1ecfab116"
    />
  </li>
  <li
    aria-label="article"
  >
    <h1>
      Will America Embrace Ford's F-150 Lightning? A Lot's Riding On It - NPR
    </h1>
    <p />
    <a
      href="{url}"
    >
      https://www.npr.org/2021/05/19/998205598/can-a-battery-powered-f-150-truck-persuade-americans-to-embrace-electric-vehicle
    </a>
    <br />
    <img
      alt="Will America Embrace Ford's F-150 Lightning? A Lot's Riding On It - NPR"
      src="https://media.npr.org/assets/img/2021/05/19/ap_21138686900880_wide-7f580f91454792cc0be65326a920b7c8f99d1d2d.jpg?s=1400"
    />
  </li>
  <li
    aria-label="article"
  >
    <h1>
      Arizona GOP's election auditors backtrack on deleted database claim - NBC News
    </h1>
    <p>
      Jane C. Timm
    </p>
    <a
      href="{url}"
    >
      https://www.nbcnews.com/politics/elections/company-conducting-arizona-gop-s-election-audit-backtracks-deleted-database-n1267900
    </a>
    <br />
    <img
      alt="Arizona GOP's election auditors backtrack on deleted database claim - NBC News"
      src="https://media-cldnry.s-nbcnews.com/image/upload/t_nbcnews-fp-1200-630,f_auto,q_auto:best/newscms/2021_20/3475984/210519-arizona-election-audit-jm-0845.jpg"
    />
  </li>
  <li
    aria-label="article"
  >
    <h1>
      Tulsa massacre survivor at 107 years old testifies that the horror of that day never goes away - CNN 
    </h1>
    <p>
      Nicole Chavez, CNN
    </p>
    <a
      href="{url}"
    >
      https://www.cnn.com/2021/05/19/us/tulsa-massacre-survivors-congress/index.html
    </a>
    <br />
    <img
      alt="Tulsa massacre survivor at 107 years old testifies that the horror of that day never goes away - CNN "
      src="https://cdn.cnn.com/cnnnext/dam/assets/210519141454-01-tulsa-massacre-survivors-congress-super-tease.jpg"
    />
  </li>
  <li
    aria-label="article"
  >
    <h1>
      Microsoft will truly, finally kill off Internet Explorer in June 2022 - Engadget
    </h1>
    <p>
      https://www.engadget.com/about/editors/kris-holt
    </p>
    <a
      href="{url}"
    >
      https://www.engadget.com/microsoft-internet-explorer-end-support-2022-185823396.html
    </a>
    <br />
    <img
      alt="Microsoft will truly, finally kill off Internet Explorer in June 2022 - Engadget"
      src="https://s.yimg.com/os/creatr-uploaded-images/2021-05/e189c430-b8d1-11eb-bf7b-fe2821fcf862"
    />
  </li>
  <li
    aria-label="article"
  >
    <h1>
      White Sox players nearing revolt against Tony La Russa - New York Post 
    </h1>
    <p>
      Jeremy Layton
    </p>
    <a
      href="{url}"
    >
      https://nypost.com/2021/05/19/tony-larussa-losing-white-sox-after-ripping-yermin-mercedes/
    </a>
    <br />
    <img
      alt="White Sox players nearing revolt against Tony La Russa - New York Post "
      src="https://nypost.com/wp-content/uploads/sites/2/2021/05/tony-la-russa-tim-anderson.jpg?quality=90&strip=all&w=1200"
    />
  </li>
  <li
    aria-label="article"
  >
    <h1>
      NASA Statement on China's Zhurong Mars Rover Photos - NASA
    </h1>
    <p />
    <a
      href="{url}"
    >
      https://www.nasa.gov/press-release/nasa-statement-on-china-s-zhurong-mars-rover-photos/
    </a>
    <br />
    <img
      alt="NASA Statement on China's Zhurong Mars Rover Photos - NASA"
      src="http://www.nasa.gov/sites/default/files/thumbnails/image/nasa-logo-web-rgb_0.jpg"
    />
  </li>
  <li
    aria-label="article"
  >
    <h1>
      Jalen Hurts: I’m not above competition, rent’s due every day - NBC Sports
    </h1>
    <p>
      Josh Alper
    </p>
    <a
      href="{url}"
    >
      https://profootballtalk.nbcsports.com/2021/05/19/jalen-hurts-im-not-above-competition-rents-due-every-day/
    </a>
    <br />
    <img
      alt="Jalen Hurts: I’m not above competition, rent’s due every day - NBC Sports"
      src="https://profootballtalk.nbcsports.com/wp-content/uploads/sites/25/2021/05/GettyImages-1294651108-e1621448339798.jpg"
    />
  </li>
  <li
    aria-label="article"
  >
    <h1>
      Google’s new Android TV remote will live in Quick Settings on Android, Home app on iOS - 9to5Google
    </h1>
    <p />
    <a
      href="{url}"
    >
      https://9to5google.com/2021/05/19/google-android-tv-remote-phone-android-ios/
    </a>
    <br />
    <img
      alt="Google’s new Android TV remote will live in Quick Settings on Android, Home app on iOS - 9to5Google"
      src="https://i0.wp.com/9to5google.com/wp-content/uploads/sites/4/2021/05/google_tv_phone_remote_1.gif?resize=1200%2C628&quality=82&strip=all&ssl=1"
    />
  </li>
</ul>
`;

exports[`News Articles Container shows a list of quotes by topic 2`] = `
<input
  id="article-name"
  type="text"
  value="Tesla"
/>
`;

exports[`News Articles Container shows a list of quotes by topic 3`] = `
Array [
  <button
    aria-label="controls"
  >
    Submit
  </button>,
]
`;

exports[`News Articles Container shows a list of quotes by topic 4`] = `
Array [
  <li
    aria-label="article"
  >
    <h1>
      Tesla 'suspends' Bitcoin car purchases citing environmental impact
    </h1>
    <p>
      https://www.engadget.com/about/editors/richard-lawler
    </p>
    <a
      href="{url}"
    />
    <br />
    <img
      alt="Tesla 'suspends' Bitcoin car purchases citing environmental impact"
    />
  </li>,
  <li
    aria-label="article"
  >
    <h1>
      Tesla's Powerwall+ is a higher-power battery for off-grid living
    </h1>
    <p>
      https://www.engadget.com/about/editors/mariella-moon
    </p>
    <a
      href="{url}"
    />
    <br />
    <img
      alt="Tesla's Powerwall+ is a higher-power battery for off-grid living"
    />
  </li>,
  <li
    aria-label="article"
  >
    <h1>
      Elon Musk: Data recovered 'so far' shows Autopilot not enabled in Houston crash
    </h1>
    <p>
      https://www.engadget.com/about/editors/mat-smith
    </p>
    <a
      href="{url}"
    />
    <br />
    <img
      alt="Elon Musk: Data recovered 'so far' shows Autopilot not enabled in Houston crash"
    />
  </li>,
  <li
    aria-label="article"
  >
    <h1>
      Tesla stops taking Bitcoin for vehicle purchases, citing environmental harm
    </h1>
    <p>
      Sean O'Kane
    </p>
    <a
      href="{url}"
    />
    <br />
    <img
      alt="Tesla stops taking Bitcoin for vehicle purchases, citing environmental harm"
    />
  </li>,
  <li
    aria-label="article"
  >
    <h1>
      Tesla's Model S Plaid may pack a retractable spoiler
    </h1>
    <p>
      https://www.engadget.com/about/editors/jon-fingas
    </p>
    <a
      href="{url}"
    />
    <br />
    <img
      alt="Tesla's Model S Plaid may pack a retractable spoiler"
    />
  </li>,
  <li
    aria-label="article"
  >
    <h1>
      Tesla grows 74% in the first quarter, besting expectations as its shares ease after-hours
    </h1>
    <p>
      Alex Wilhelm
    </p>
    <a
      href="{url}"
    />
    <br />
    <img
      alt="Tesla grows 74% in the first quarter, besting expectations as its shares ease after-hours"
    />
  </li>,
  <li
    aria-label="article"
  >
    <h1>
      No one behind the wheel in deadly Tesla crash Saturday night, say authorities
    </h1>
    <p>
      Aria Alamalhodaei
    </p>
    <a
      href="{url}"
    />
    <br />
    <img
      alt="No one behind the wheel in deadly Tesla crash Saturday night, say authorities"
    />
  </li>,
  <li
    aria-label="article"
  >
    <h1>
      Tesla mulls cars tailored to China amid mounting criticisms
    </h1>
    <p>
      Rita Liao
    </p>
    <a
      href="{url}"
    />
    <br />
    <img
      alt="Tesla mulls cars tailored to China amid mounting criticisms"
    />
  </li>,
  <li
    aria-label="article"
  >
    <h1>
      The Morning After: Amazon cancels its 'Lord of the Rings' MMORPG
    </h1>
    <p>
      https://www.engadget.com/about/editors/mat-smith
    </p>
    <a
      href="{url}"
    />
    <br />
    <img
      alt="The Morning After: Amazon cancels its 'Lord of the Rings' MMORPG"
    />
  </li>,
  <li
    aria-label="article"
  >
    <h1>
      Elon Musk is hosting Saturday Night Live and no this is not a joke
    </h1>
    <p>
      Kim Lyons
    </p>
    <a
      href="{url}"
    />
    <br />
    <img
      alt="Elon Musk is hosting Saturday Night Live and no this is not a joke"
    />
  </li>,
  <li
    aria-label="article"
  >
    <h1>
      Elon Musk Tweets—and Crypto Markets Show Their Growing Pains
    </h1>
    <p>
      Gregory Barber
    </p>
    <a
      href="{url}"
    />
    <br />
    <img
      alt="Elon Musk Tweets—and Crypto Markets Show Their Growing Pains"
    />
  </li>,
  <li
    aria-label="article"
  >
    <h1>
      Tesla wants to make every home a distributed power plant
    </h1>
    <p>
      Aria Alamalhodaei
    </p>
    <a
      href="{url}"
    />
    <br />
    <img
      alt="Tesla wants to make every home a distributed power plant"
    />
  </li>,
  <li
    aria-label="article"
  >
    <h1>
      NHTSA is investigating the driverless Tesla crash that killed two people
    </h1>
    <p>
      Andrew J. Hawkins
    </p>
    <a
      href="{url}"
    />
    <br />
    <img
      alt="NHTSA is investigating the driverless Tesla crash that killed two people"
    />
  </li>,
  <li
    aria-label="article"
  >
    <h1>
      Shanghai Auto Show Disrupted by Protester Shouting 'Tesla Brakes Fail'
    </h1>
    <p>
      Matt Novak
    </p>
    <a
      href="{url}"
    />
    <br />
    <img
      alt="Shanghai Auto Show Disrupted by Protester Shouting 'Tesla Brakes Fail'"
    />
  </li>,
  <li
    aria-label="article"
  >
    <h1>
      Elon Musk says Bitcoin no longer accepted for Tesla purchases
    </h1>
    <p>
      Sasha Lekach
    </p>
    <a
      href="{url}"
    />
    <br />
    <img
      alt="Elon Musk says Bitcoin no longer accepted for Tesla purchases"
    />
  </li>,
  <li
    aria-label="article"
  >
    <h1>
      Tesla to start selling solar roof only with Powerwall battery
    </h1>
    <p>
      Stan Schroeder
    </p>
    <a
      href="{url}"
    />
    <br />
    <img
      alt="Tesla to start selling solar roof only with Powerwall battery"
    />
  </li>,
  <li
    aria-label="article"
  >
    <h1>
      Elon Musk's 'SNL' appearance shows he's the face of EVs beyond Tesla
    </h1>
    <p>
      Sasha Lekach
    </p>
    <a
      href="{url}"
    />
    <br />
    <img
      alt="Elon Musk's 'SNL' appearance shows he's the face of EVs beyond Tesla"
    />
  </li>,
  <li
    aria-label="article"
  >
    <h1>
      Tesla: Bitcoin sales, environmental credits boost profits
    </h1>
    <p>
      https://www.facebook.com/bbcnews
    </p>
    <a
      href="{url}"
    />
    <br />
    <img
      alt="Tesla: Bitcoin sales, environmental credits boost profits"
    />
  </li>,
  <li
    aria-label="article"
  >
    <h1>
      Tesla sees bitcoin as important financial tool to access cash quickly
    </h1>
    <p>
      Rebecca Bellan
    </p>
    <a
      href="{url}"
    />
    <br />
    <img
      alt="Tesla sees bitcoin as important financial tool to access cash quickly"
    />
  </li>,
  <li
    aria-label="article"
  >
    <h1>
      ‘SNL’ Gets Ready for Elon Musk
    </h1>
    <p>
      Dave Itzkoff
    </p>
    <a
      href="{url}"
    />
    <br />
    <img
      alt="‘SNL’ Gets Ready for Elon Musk"
    />
  </li>,
]
`;
